# SurrealGuard negative corpus — every finding the INVALID corpus produces.
#
# Regenerate: UPDATE_SNAPSHOTS=1 cargo test -p surrealguard-workspace --test negative_corpus
#
# Every file under tests/corpus/invalid/ is wrong on purpose. This file records
# `file:line  CODE` for each finding — never the message, which is rendering's
# business and will move.
#
# Its ratchet runs opposite to the oracle's: a finding that DISAPPEARS is a
# check that stopped firing, and that is a regression until someone argues
# otherwise.

== invalid/10_field_clauses.surql ==
     8  E2001
    10  E2001
    12  E2001
    15  E2001
    17  E2001
    19  E2001

== invalid/20_param_default.surql ==
     9  E2001
    15  E5002

== invalid/30_destructure_keys.surql ==
    12  E1002
    12  L7014
    15  E1002
    15  L7014
    19  E1002
    19  L7014
    24  E1002
    24  L7014
    28  E1002
    28  L7014

== invalid/40_graph_selection.surql ==
    13  E1002
    13  L7014
    14  E2004
    14  L7014
    19  E2004
    19  L7014
    23  E3002
    23  E6003
    23  L7014
    27  E1002
    27  L7014
    32  E6003
    32  L7014
    33  E6003
    33  L7014
